// Vitest Snapshot v1

exports[`live 1`] = `72070`;

exports[`live 2`] = `211805`;
