// Vitest Snapshot v1

exports[`live 1`] = `15422`;

exports[`live 2`] = `15442`;
